
> rest-express@1.0.0 dev
> NODE_ENV=development node --import tsx server/index.ts

[dotenv@17.2.1] injecting env (14) from .env -- tip: ⚙️  load multiple .env files with { path: ['.env.local', '.env'] }
🔌 [DB] Using DATABASE_URL (remote)
[RATE_LIMIT] Rate limiters initialized (memory store)
[RATE_LIMIT] For production serverless: Configure Upstash Redis in .env
[dotenv@17.2.1] injecting env (0) from .env -- tip: 🔐 prevent building .env in docker: https://dotenvx.com/prebuild
🔧 [SERVER] Starting server initialization...
[EMAIL] Transporter initialized. Sending from: luqjoey@gmail.com
✅ [SERVER] Email service initialized
✅ Connected to PostgreSQL database: versoair_business_intelligence
✅ Connected to PostgreSQL database: versoair_business_intelligence
🏗️  [MIGRATE] Ensuring all schema tables exist...
✅ [OAuth] Ensured oauth columns exist on users table
🏗️  [MIGRATE] Done in 5895ms — 0 created, 55 already existed, 0 failed
✅ [SERVER] Database tables verified
📋 Available schema exports: [
  'adCampaigns',
  'adJournalListings',
  'albums',
  'analytics',
  'arenaBrackets',
  'arenaContests',
  'arenaVotes',
  'artistBadges',
  'artistCollaborations',
  'artistContracts',
  'artistFollows',
  'artistProfiles',
  'artistRoyalties',
  'artistSubscriptions',
  'artists',
  'auditLogs',
  'bankTransferRequests',
  'businessCategories',
  'businessMessages',
  'businessRelations',
  'businessReviews',
  'businesses',
  'cartItems',
  'cities',
  'collabRequests',
  'connections',
  'connectionsRelations',
  'contestParticipationRequirements',
  'contestVotes',
  'contractors',
  'countries',
  'emailQueue',
  'emailSubscriptions',
  'evaluationSubmissions',
  'gameMatches',
  'gameMoves',
  'insertAdJournalListingSchema',
  'insertAlbumSchema',
  'insertArenaBracketSchema',
  'insertArenaContestSchema',
  'insertArenaVoteSchema',
  'insertArtistBadgeSchema',
  'insertArtistContractSchema',
  'insertArtistFollowSchema',
  'insertArtistProfileSchema',
  'insertArtistRoyaltySchema',
  'insertArtistSubscriptionSchema',
  'insertBankTransferRequestSchema',
  'insertBusinessSchema',
  'insertCartItemSchema',
  'insertCollabRequestSchema',
  'insertConnectionSchema',
  'insertContestParticipationRequirementsSchema',
  'insertContestVoteSchema',
  'insertEmailQueueSchema',
  'insertEmailSubscriptionSchema',
  'insertGameMatchSchema',
  'insertGameMoveSchema',
  'insertIssuedCardSchema',
  'insertJournalEditionSchema',
  'insertListenerActivitySchema',
  'insertListenerBadgesSchema',
  'insertListenerBonusesSchema',
  'insertListenerContestRewardsSchema',
  'insertListenerStatsSchema',
  'insertListeningHistorySchema',
  'insertMarketingPackSchema',
  'insertNewsletterCampaignSchema',
  'insertNewsletterSubscriberSchema',
  'insertOrderItemSchema',
  'insertOrderSchema',
  'insertPackItemSchema',
  'insertPayoutRequestSchema',
  'insertPlatformWalletSchema',
  'insertPlaylistSchema',
  'insertPlaylistTrackSchema',
  'insertPointsLedgerSchema',
  'insertPointsRedemptionSchema',
  'insertPrintJobSchema',
  'insertPrintProductSchema',
  'insertStreamEventSchema',
  'insertStreamPlaySchema',
  'insertStreamingSubscriptionSchema',
  'insertTrackCommentSchema',
  'insertTrackLikeSchema',
  'insertTrackReactionSchema',
  'insertUserBrowsingHistorySchema',
  'insertUserPaymentMethodSchema',
  'insertUserSchema',
  'insertVaultRuleSchema',
  'insertWalletTransactionSchema',
  'insertWeeklyPoolSchema',
  'issuedCards',
  'jobs',
  'journalEditions',
  'listenerActivity',
  'listenerBadges',
  'listenerBonuses',
  'listenerContestRewards',
  'listenerStats',
  ... 55 more items
]
🗺️  TABLE_NAME_MAP: {
  users: 'users',
  businesses: 'businesses',
  business_categories: 'businessCategories',
  business_hours: 'businessHours',
  business_services: 'businessServices',
  business_reviews: 'businessReviews',
  analytics: 'analytics',
  reservations: 'reservations',
  ad_campaigns: 'adCampaigns',
  ad_audiences: 'adAudiences',
  ad_creatives: 'adCreatives',
  ad_performance: 'adPerformance',
  billing_history: 'billingHistory',
  music_artists: 'musicArtists',
  music_tracks: 'musicTracks',
  music_analytics: 'musicAnalytics',
  countries: 'countries',
  regions: 'regions',
  cities: 'cities',
  target_regions: 'targetRegions',
  jobs: 'jobs',
  job_applications: 'jobApplications',
  saved_jobs: 'savedJobs',
  commerce_categories: 'commerceCategories',
  payment_methods: 'paymentMethods',
  transactions: 'transactions',
  content_categories: 'contentCategories',
  content_pages: 'contentPages',
  page_categories: 'pageCategories',
  notifications: 'notifications',
  user_favorites: 'userFavorites',
  v_campaign_performance: 'vCampaignPerformance',
  artists: 'artists',
  contractors: 'contractors',
  payment_card_types: 'paymentCardTypes'
}
✅ [SERVER] All routes registered successfully
✅ [SERVER] Routes registered successfully
🔧 Setting up category integrity check (runs daily at 2 AM UTC)
✅ [SERVER] Category integrity check scheduled
[DIGEST] 📮 Starting digest worker...
[DIGEST] Worker scheduled every 60 minutes
✅ [SERVER] Digest worker started (hourly email queue processor)
⏰ Subscription expiry cron scheduled (every 24h)
✅ [SERVER] Subscription expiry cron scheduled
🎵 [ROYALTY] Royalty engine cron jobs scheduled (Mon 06:00 UTC distribution, Sun 23:00 UTC contributions)
✅ [SERVER] StreamRoyale royalty engine started
📰 [JOURNAL-CRON] Scheduled: weekly (Sun 22:00) + monthly (1st 22:00)
✅ [SERVER] Journal cron scheduled (weekly + monthly)
📧 [NEWSLETTER-CRON] Scheduled: hourly campaign check
✅ [SERVER] Newsletter cron scheduled (hourly)
✅ [SERVER] Socket.io initialized for real-time notifications
   Total Businesses: 0
   Unique Categories: 0
   Active Businesses: 0
🚀 [SERVER] Server running on port 5003
🔗 [SERVER] Test endpoints:
   - http://localhost:5003/api/simple-test
   - http://localhost:5003/api/status
   - http://localhost:5003/api/countries
🔒 [SERVER] CORS enabled for: [
  'http://localhost:5003',
  'http://localhost:3000',
  'http://localhost:8080',
  'http://localhost:5173'
]
🌍 [SERVER] NODE_ENV: development
11:00:49 AM [express] serving on port 5003
[DIGEST] Processing queue at 2026-03-29T15:00:53.851Z (hour=11, day=0)
11:00:54 AM [express] GET /api/health 200 in 66ms :: {"success":true,"status":"ok","timestamp":"2026-…
11:00:54 AM [express] GET /api/csrf-token 200 in 0ms :: {"success":true,"csrfToken":"5aabfecb3a109bdd…
11:00:54 AM [express] GET /api/csrf-token 200 in 0ms :: {"success":true,"csrfToken":"f478a806e49a8938…
11:00:54 AM [express] GET /api/countries 304 in 35ms :: {"success":true,"data":[{"id":23,"name":"Algé…
11:00:54 AM [express] GET /api/location/country 304 in 216ms :: {"success":true,"countryCode":"CA","s…
11:00:56 AM [express] GET /api/countries 304 in 39ms :: {"success":true,"data":[{"id":23,"name":"Algé…
11:00:57 AM [express] GET /api/countries 304 in 60ms :: {"success":true,"data":[{"id":23,"name":"Algé…
11:00:59 AM [express] GET /api/countries 304 in 37ms :: {"success":true,"data":[{"id":23,"name":"Algé…
11:01:00 AM [express] GET /api/countries 304 in 66ms :: {"success":true,"data":[{"id":23,"name":"Algé…
11:01:24 AM [express] GET /api/csrf-token 200 in 2ms :: {"success":true,"csrfToken":"f948580bb22304d7…
⏰ Running initial subscription expiry check...
✅ Connected to PostgreSQL database: versoair_business_intelligence
⏰ Subscription expiry check: no expirations found.
11:01:54 AM [express] GET /api/csrf-token 200 in 5ms :: {"success":true,"csrfToken":"9233b72bf0d3be60…
11:02:24 AM [express] GET /api/csrf-token 200 in 1ms :: {"success":true,"csrfToken":"8cc9f4ce86fce234…
11:02:54 AM [express] GET /api/csrf-token 200 in 2ms :: {"success":true,"csrfToken":"599500f927b9b642…
11:03:24 AM [express] GET /api/csrf-token 200 in 1ms :: {"success":true,"csrfToken":"db07cec86bad1b38…
11:03:54 AM [express] GET /api/csrf-token 200 in 2ms :: {"success":true,"csrfToken":"81441c5322a5ded5…
11:04:24 AM [express] GET /api/csrf-token 200 in 2ms :: {"success":true,"csrfToken":"924743c269e75e3c…
11:04:54 AM [express] GET /api/csrf-token 200 in 2ms :: {"success":true,"csrfToken":"4ed7b158263a09ee…
✅ Connected to PostgreSQL database: versoair_business_intelligence
11:05:24 AM [express] GET /api/csrf-token 200 in 1ms :: {"success":true,"csrfToken":"fc79efd3fc375f73…
11:05:54 AM [express] GET /api/csrf-token 200 in 1ms :: {"success":true,"csrfToken":"016d4fe2207e804c…
11:06:24 AM [express] GET /api/csrf-token 200 in 1ms :: {"success":true,"csrfToken":"31894aac0dbc966e…
11:06:54 AM [express] GET /api/csrf-token 200 in 5ms :: {"success":true,"csrfToken":"82da1e511f478332…
11:07:24 AM [express] GET /api/csrf-token 200 in 1ms :: {"success":true,"csrfToken":"50a05b3b581f74f1…
11:07:54 AM [express] GET /api/csrf-token 200 in 1ms :: {"success":true,"csrfToken":"a02c3002910ec079…
11:08:24 AM [express] GET /api/csrf-token 200 in 1ms :: {"success":true,"csrfToken":"9f6295c852cf96be…
11:08:54 AM [express] GET /api/csrf-token 200 in 1ms :: {"success":true,"csrfToken":"4e8c8bb7dc649a54…
11:09:24 AM [express] GET /api/csrf-token 200 in 1ms :: {"success":true,"csrfToken":"b160b5ebc3fccd52…
11:09:54 AM [express] GET /api/csrf-token 200 in 9ms :: {"success":true,"csrfToken":"e48756d418cf85f3…
11:10:24 AM [express] GET /api/csrf-token 200 in 1ms :: {"success":true,"csrfToken":"f4851129f65e33d9…
11:10:54 AM [express] GET /api/csrf-token 200 in 1ms :: {"success":true,"csrfToken":"38984cfa438ef9ed…
11:11:24 AM [express] GET /api/csrf-token 200 in 1ms :: {"success":true,"csrfToken":"cc6adc26c5f4c447…
11:11:30 AM [express] POST /api/users/heartbeat 200 in 2ms :: {"success":true,"activeUsers":1,"sessio…
11:11:30 AM [express] GET /api/streaming/subscription/plans 200 in 30ms :: {"plans":[{"id":"guest","n…
✅ Connected to PostgreSQL database: versoair_business_intelligence
✅ Connected to PostgreSQL database: versoair_business_intelligence
✅ Connected to PostgreSQL database: versoair_business_intelligence
✅ Connected to PostgreSQL database: versoair_business_intelligence
✅ Connected to PostgreSQL database: versoair_business_intelligence
✅ Connected to PostgreSQL database: versoair_business_intelligence
11:11:33 AM [express] POST /api/users/heartbeat 200 in 1ms :: {"success":true,"activeUsers":2,"sessio…
11:11:33 AM [express] GET /api/streaming/subscription/plans 304 in 1ms :: {"plans":[{"id":"guest","na…
11:11:33 AM [express] GET /api/countries 304 in 62ms :: {"success":true,"data":[{"id":23,"name":"Algé…
11:11:33 AM [express] GET /api/streaming/tracks/featured 200 in 81ms :: {"trending":[{"id":103,"title…
11:11:33 AM [express] GET /api/streaming/artists 200 in 86ms :: {"artists":[{"id":2,"name":"Tiken Jah…
11:11:33 AM [express] GET /api/streaming/tracks 200 in 140ms :: {"tracks":[{"id":103,"title":"Fantome…
11:11:34 AM [express] POST /api/users/heartbeat 200 in 0ms :: {"success":true,"activeUsers":3,"sessio…
11:11:34 AM [express] POST /api/v1/admin/gtm-events 200 in 1ms :: {"success":true,"data":{"eventName"…
11:11:34 AM [express] GET /api/countries 200 in 64ms :: {"success":true,"data":[{"id":23,"name":"Algé…
11:11:34 AM [express] GET /api/location/country 200 in 289ms :: {"success":true,"countryCode":"CA","s…
11:11:34 AM [express] GET /api/streaming/subscription/plans 200 in 0ms :: {"plans":[{"id":"guest","na…
11:11:34 AM [express] GET /api/streaming/artists 200 in 80ms :: {"artists":[{"id":2,"name":"Tiken Jah…
11:11:34 AM [express] GET /api/streaming/tracks/featured 200 in 83ms :: {"trending":[{"id":103,"title…
11:11:34 AM [express] GET /api/streaming/tracks 200 in 118ms :: {"tracks":[{"id":103,"title":"Fantome…
11:11:34 AM [express] GET /api/streaming/tracks/103/pochette 200 in 149ms
11:11:34 AM [express] GET /api/listener/stats 200 in 280ms :: {"success":true,"data":{"streamingTier"…
11:11:35 AM [express] POST /api/users/heartbeat 200 in 1ms :: {"success":true,"activeUsers":4,"sessio…
11:11:35 AM [express] POST /api/v1/admin/gtm-events 200 in 1ms :: {"success":true,"data":{"eventName"…
11:11:35 AM [express] GET /api/countries 200 in 70ms :: {"success":true,"data":[{"id":23,"name":"Algé…
11:11:35 AM [express] GET /api/location/country 200 in 172ms :: {"success":true,"countryCode":"CA","s…
11:11:35 AM [express] GET /api/streaming/subscription/plans 200 in 0ms :: {"plans":[{"id":"guest","na…
11:11:35 AM [express] GET /api/streaming/tracks/featured 200 in 82ms :: {"trending":[{"id":103,"title…
11:11:35 AM [express] GET /api/streaming/artists 200 in 96ms :: {"artists":[{"id":2,"name":"Tiken Jah…
11:11:35 AM [express] GET /api/streaming/tracks 200 in 121ms :: {"tracks":[{"id":103,"title":"Fantome…
11:11:35 AM [express] GET /api/listener/stats 200 in 297ms :: {"success":true,"data":{"streamingTier"…
11:11:36 AM [express] GET /api/streaming/tracks/103/pochette 200 in 159ms
11:11:39 AM [express] POST /api/users/heartbeat 200 in 1ms :: {"success":true,"activeUsers":5,"sessio…
11:11:40 AM [express] POST /api/users/heartbeat 200 in 0ms :: {"success":true,"activeUsers":6,"sessio…
11:11:40 AM [express] GET /api/countries 304 in 65ms :: {"success":true,"data":[{"id":23,"name":"Algé…
11:11:41 AM [express] GET /api/listener/stats 200 in 579ms :: {"success":true,"data":{"streamingTier"…
11:11:54 AM [express] GET /api/csrf-token 200 in 1ms :: {"success":true,"csrfToken":"0080b9a5f604692e…
11:12:24 AM [express] GET /api/csrf-token 200 in 2ms :: {"success":true,"csrfToken":"8fcfcb1bea786cc9…
11:12:54 AM [express] GET /api/csrf-token 200 in 2ms :: {"success":true,"csrfToken":"c4e32dbf17f3c04b…
11:13:24 AM [express] GET /api/csrf-token 200 in 12ms :: {"success":true,"csrfToken":"41489c64cc39c57…
11:13:54 AM [express] GET /api/csrf-token 200 in 1ms :: {"success":true,"csrfToken":"bda894943d186190…
11:14:24 AM [express] GET /api/csrf-token 200 in 2ms :: {"success":true,"csrfToken":"ae0f4a117064125b…
11:14:54 AM [express] GET /api/csrf-token 200 in 1ms :: {"success":true,"csrfToken":"a9bbeb4326f0ce41…
11:15:24 AM [express] GET /api/csrf-token 200 in 1ms :: {"success":true,"csrfToken":"3fc915984fcdb623…
11:15:54 AM [express] GET /api/csrf-token 200 in 1ms :: {"success":true,"csrfToken":"c3f1b49299805c53…
11:16:24 AM [express] GET /api/csrf-token 200 in 0ms :: {"success":true,"csrfToken":"a367239b380be705…
11:16:54 AM [express] GET /api/csrf-token 200 in 3ms :: {"success":true,"csrfToken":"475aef98745c12c8…
11:17:24 AM [express] GET /api/csrf-token 200 in 2ms :: {"success":true,"csrfToken":"1d8eccbec29100fd…
11:17:54 AM [express] GET /api/csrf-token 200 in 2ms :: {"success":true,"csrfToken":"128c546d1d3c0841…
11:18:24 AM [express] GET /api/csrf-token 200 in 2ms :: {"success":true,"csrfToken":"26b61858816a376c…
11:18:54 AM [express] GET /api/csrf-token 200 in 2ms :: {"success":true,"csrfToken":"8c6e3958958488a8…
11:19:24 AM [express] GET /api/csrf-token 200 in 2ms :: {"success":true,"csrfToken":"3f51fd75a774c15a…
11:19:54 AM [express] GET /api/csrf-token 200 in 2ms :: {"success":true,"csrfToken":"2b3b0b8e4505a39e…
11:20:24 AM [express] GET /api/csrf-token 200 in 2ms :: {"success":true,"csrfToken":"8fb326faa157b2b4…
11:20:54 AM [express] GET /api/csrf-token 200 in 1ms :: {"success":true,"csrfToken":"3f6c0f8ecf6468f6…
11:21:24 AM [express] GET /api/csrf-token 200 in 2ms :: {"success":true,"csrfToken":"08cbaa9524772cde…
11:21:54 AM [express] GET /api/csrf-token 200 in 1ms :: {"success":true,"csrfToken":"699667dc3393fc4a…
11:22:24 AM [express] GET /api/csrf-token 200 in 1ms :: {"success":true,"csrfToken":"ba7b48a61359cf82…
11:22:54 AM [express] GET /api/csrf-token 200 in 2ms :: {"success":true,"csrfToken":"3ba700063cd788c1…
11:23:24 AM [express] GET /api/csrf-token 200 in 1ms :: {"success":true,"csrfToken":"ec723ace89a54dc1…
11:23:54 AM [express] GET /api/csrf-token 200 in 3ms :: {"success":true,"csrfToken":"882f83da5471858e…
11:24:24 AM [express] GET /api/csrf-token 200 in 2ms :: {"success":true,"csrfToken":"4d9044de02bec8b3…
11:24:54 AM [express] GET /api/csrf-token 200 in 2ms :: {"success":true,"csrfToken":"67fd75c0936eff1f…
11:25:24 AM [express] GET /api/csrf-token 200 in 2ms :: {"success":true,"csrfToken":"224608376f12fe6a…
11:25:54 AM [express] GET /api/csrf-token 200 in 2ms :: {"success":true,"csrfToken":"8a476f612a0df06d…
11:26:24 AM [express] GET /api/csrf-token 200 in 1ms :: {"success":true,"csrfToken":"03679b6d65769ccf…
11:26:54 AM [express] GET /api/csrf-token 200 in 2ms :: {"success":true,"csrfToken":"a358b2687f0090b5…
11:27:24 AM [express] GET /api/csrf-token 200 in 1ms :: {"success":true,"csrfToken":"9d63451aff6da1aa…
11:27:54 AM [express] GET /api/csrf-token 200 in 4ms :: {"success":true,"csrfToken":"a1489f6e4a0206e4…
11:28:24 AM [express] GET /api/csrf-token 200 in 1ms :: {"success":true,"csrfToken":"41605e31c1576995…
11:28:54 AM [express] GET /api/csrf-token 200 in 3ms :: {"success":true,"csrfToken":"396e352e3ba5a1ed…
11:29:24 AM [express] GET /api/csrf-token 200 in 3ms :: {"success":true,"csrfToken":"f34fc9cc6aaddb23…
11:29:54 AM [express] GET /api/csrf-token 200 in 3ms :: {"success":true,"csrfToken":"c47fa615a4195648…
11:30:24 AM [express] GET /api/csrf-token 200 in 3ms :: {"success":true,"csrfToken":"ac7785ec36aab237…
11:30:54 AM [express] GET /api/csrf-token 200 in 2ms :: {"success":true,"csrfToken":"baff3a1b795b6572…
11:31:24 AM [express] GET /api/csrf-token 200 in 6ms :: {"success":true,"csrfToken":"defb601d330d7543…
11:31:54 AM [express] GET /api/csrf-token 200 in 16ms :: {"success":true,"csrfToken":"933e65671b42f43…
11:32:24 AM [express] GET /api/csrf-token 200 in 2ms :: {"success":true,"csrfToken":"b6a1250cf315b4d6…
11:32:54 AM [express] GET /api/csrf-token 200 in 2ms :: {"success":true,"csrfToken":"5d206bffba4c23b5…
11:33:08 AM [express] GET /api/streaming/tracks/1/preview 404 in 62ms :: {"success":false,"error":"AP…
11:33:24 AM [express] GET /api/csrf-token 200 in 4ms :: {"success":true,"csrfToken":"da403c6c110fdd0b…
11:33:54 AM [express] GET /api/csrf-token 200 in 3ms :: {"success":true,"csrfToken":"04f717ab5acc1809…
11:34:24 AM [express] GET /api/csrf-token 200 in 0ms :: {"success":true,"csrfToken":"37441fca7e4237cf…
11:34:54 AM [express] GET /api/csrf-token 200 in 3ms :: {"success":true,"csrfToken":"32aec3c9156f2715…
11:35:24 AM [express] GET /api/csrf-token 200 in 1ms :: {"success":true,"csrfToken":"c264a86a78113eab…
11:35:54 AM [express] GET /api/csrf-token 200 in 2ms :: {"success":true,"csrfToken":"fc5da95eeb083dc8…
11:36:24 AM [express] GET /api/csrf-token 200 in 0ms :: {"success":true,"csrfToken":"b9ae6dea6604892a…
11:36:54 AM [express] GET /api/csrf-token 200 in 1ms :: {"success":true,"csrfToken":"4a75899724fb9ad0…
11:37:24 AM [express] GET /api/csrf-token 200 in 0ms :: {"success":true,"csrfToken":"366a9a4366ae4aee…
11:37:54 AM [express] GET /api/csrf-token 200 in 4ms :: {"success":true,"csrfToken":"4b0f89a13c6a5b94…
11:38:24 AM [express] GET /api/csrf-token 200 in 1ms :: {"success":true,"csrfToken":"3d7e6b932d8d3695…
11:38:54 AM [express] GET /api/csrf-token 200 in 2ms :: {"success":true,"csrfToken":"637bfa1ee86f1c3a…
11:39:24 AM [express] GET /api/csrf-token 200 in 0ms :: {"success":true,"csrfToken":"754d77cae2799e38…
11:39:54 AM [express] GET /api/csrf-token 200 in 1ms :: {"success":true,"csrfToken":"d87b6351ec8759e9…
11:40:24 AM [express] GET /api/csrf-token 200 in 0ms :: {"success":true,"csrfToken":"f4703085616cfea7…
11:40:54 AM [express] GET /api/csrf-token 200 in 1ms :: {"success":true,"csrfToken":"de988889f3deb957…
11:41:24 AM [express] GET /api/csrf-token 200 in 1ms :: {"success":true,"csrfToken":"c2f31e09eb20fbeb…
11:41:54 AM [express] GET /api/csrf-token 200 in 1ms :: {"success":true,"csrfToken":"d579473879362a6b…
11:42:24 AM [express] POST /api/users/heartbeat 200 in 4ms :: {"success":true,"activeUsers":1,"sessio…
11:42:24 AM [express] GET /api/csrf-token 200 in 0ms :: {"success":true,"csrfToken":"8ba29668ac9c4710…
11:42:24 AM [express] GET /api/streaming/subscription/plans 200 in 7ms :: {"plans":[{"id":"guest","na…
✅ Connected to PostgreSQL database: versoair_business_intelligence
✅ Connected to PostgreSQL database: versoair_business_intelligence
11:42:26 AM [express] GET /api/streaming/tracks 200 in 1197ms :: {"tracks":[{"id":103,"title":"Fantom…
✅ Connected to PostgreSQL database: versoair_business_intelligence
✅ Connected to PostgreSQL database: versoair_business_intelligence
✅ Connected to PostgreSQL database: versoair_business_intelligence
✅ Connected to PostgreSQL database: versoair_business_intelligence
11:42:26 AM [express] GET /api/countries 200 in 1464ms :: {"success":true,"data":[{"id":23,"name":"Al…
11:42:26 AM [express] GET /api/streaming/artists 200 in 1420ms :: {"artists":[{"id":2,"name":"Tiken J…
11:42:26 AM [express] GET /api/streaming/tracks/featured 200 in 1453ms :: {"trending":[{"id":103,"tit…
11:42:26 AM [express] GET /api/listener/stats 200 in 1710ms :: {"success":true,"data":{"streamingTier…
11:42:54 AM [express] GET /api/csrf-token 200 in 1ms :: {"success":true,"csrfToken":"55068a686db00d49…
11:43:24 AM [express] GET /api/csrf-token 200 in 1ms :: {"success":true,"csrfToken":"6ed41ab7c00ecf9f…
11:43:54 AM [express] GET /api/csrf-token 200 in 1ms :: {"success":true,"csrfToken":"5a0222ab4345d80a…
11:44:24 AM [express] GET /api/csrf-token 200 in 0ms :: {"success":true,"csrfToken":"248d8ba1d7a69267…
11:44:54 AM [express] GET /api/csrf-token 200 in 1ms :: {"success":true,"csrfToken":"d26c324f0f781ca8…
11:45:24 AM [express] GET /api/csrf-token 200 in 0ms :: {"success":true,"csrfToken":"b386994b4c6aa9d0…
11:45:54 AM [express] GET /api/csrf-token 200 in 2ms :: {"success":true,"csrfToken":"f73205ce0e042380…
11:46:24 AM [express] GET /api/csrf-token 200 in 0ms :: {"success":true,"csrfToken":"db075b759310f978…
11:46:54 AM [express] GET /api/csrf-token 200 in 1ms :: {"success":true,"csrfToken":"d6b6e6f9007fbd68…
11:47:24 AM [express] GET /api/csrf-token 200 in 1ms :: {"success":true,"csrfToken":"4e5e886c296ace27…
11:47:54 AM [express] GET /api/csrf-token 200 in 1ms :: {"success":true,"csrfToken":"8d3eddd66ad67359…
11:48:24 AM [express] GET /api/csrf-token 200 in 5ms :: {"success":true,"csrfToken":"903d80f2d50a4d0d…
11:48:54 AM [express] GET /api/csrf-token 200 in 1ms :: {"success":true,"csrfToken":"be01428d5d3dade6…
11:49:24 AM [express] GET /api/csrf-token 200 in 0ms :: {"success":true,"csrfToken":"e870318e46b47428…
11:49:54 AM [express] GET /api/csrf-token 200 in 1ms :: {"success":true,"csrfToken":"87fe8e1a217db76c…
11:50:24 AM [express] GET /api/csrf-token 200 in 0ms :: {"success":true,"csrfToken":"5602eb194d2b75d6…
11:50:54 AM [express] GET /api/csrf-token 200 in 1ms :: {"success":true,"csrfToken":"e1d85365385b7ea5…
